{
  "annotations": {
    "title": "Get my identity",
    "readOnlyHint": true
  },
  "description": "Get details of the authenticated GitHub user or installation. Use this to verify your identity. For OAuth: returns user profile. For GitHub Apps: returns installation account (org/user the app is installed on).",
  "inputSchema": {
    "properties": {},
    "type": "object"
  },
  "name": "get_me"
}
